Archive member included because of file (symbol)

..\..\..\libopencm3-usb\lib\libopencm3_stm32f0.a(flash.o)
                              ..\obj\main.o (flash_get_status_flags)
..\..\..\libopencm3-usb\lib\libopencm3_stm32f0.a(rcc.o)
                              ..\obj\main.o (rcc_clock_setup_in_hsi_out_8mhz)
..\..\..\libopencm3-usb\lib\libopencm3_stm32f0.a(usart.o)
                              ..\obj\bluetooth.o (usart_set_baudrate)
..\..\..\libopencm3-usb\lib\libopencm3_stm32f0.a(adc.o)
                              ..\obj\main.o (adc_set_single_conversion_mode)
..\..\..\libopencm3-usb\lib\libopencm3_stm32f0.a(gpio_common_all.o)
                              ..\obj\bluetooth.o (gpio_set)
..\..\..\libopencm3-usb\lib\libopencm3_stm32f0.a(gpio_common_f0234.o)
                              ..\obj\bluetooth.o (gpio_mode_setup)
..\..\..\libopencm3-usb\lib\libopencm3_stm32f0.a(pwr_common_all.o)
                              ..\obj\main.o (pwr_set_stop_mode)
..\..\..\libopencm3-usb\lib\libopencm3_stm32f0.a(exti_common_all.o)
                              ..\obj\main.o (exti_set_trigger)
..\..\..\libopencm3-usb\lib\libopencm3_stm32f0.a(spi_common_all.o)
                              ..\obj\radio.o (spi_reset)
..\..\..\libopencm3-usb\lib\libopencm3_stm32f0.a(spi_common_f03.o)
                              ..\obj\radio.o (spi_init_master)
..\..\..\libopencm3-usb\lib\libopencm3_stm32f0.a(flash_common_f01.o)
                              ..\..\..\libopencm3-usb\lib\libopencm3_stm32f0.a(rcc.o) (flash_set_ws)
..\..\..\libopencm3-usb\lib\libopencm3_stm32f0.a(vector.o)
                              (reset_handler)
..\..\..\libopencm3-usb\lib\libopencm3_stm32f0.a(systick.o)
                              ..\obj\main.o (systick_set_reload)
..\..\..\libopencm3-usb\lib\libopencm3_stm32f0.a(nvic.o)
                              ..\obj\main.o (nvic_enable_irq)
..\..\..\libopencm3-usb\lib\libopencm3_stm32f0.a(assert.o)
                              ..\..\..\libopencm3-usb\lib\libopencm3_stm32f0.a(rcc.o) (cm3_assert_failed)
c:/program files (x86)/gnu tools arm embedded/4.8 2014q1/bin/../lib/gcc/arm-none-eabi/4.8.3/armv6-m\libgcc.a(_thumb1_case_uqi.o)
                              ..\..\..\libopencm3-usb\lib\libopencm3_stm32f0.a(rcc.o) (__gnu_thumb1_case_uqi)
c:/program files (x86)/gnu tools arm embedded/4.8 2014q1/bin/../lib/gcc/arm-none-eabi/4.8.3/armv6-m\libgcc.a(_udivsi3.o)
                              ..\obj\bluetooth.o (__aeabi_uidiv)
c:/program files (x86)/gnu tools arm embedded/4.8 2014q1/bin/../lib/gcc/arm-none-eabi/4.8.3/armv6-m\libgcc.a(_divsi3.o)
                              ..\obj\main.o (__aeabi_idiv)
c:/program files (x86)/gnu tools arm embedded/4.8 2014q1/bin/../lib/gcc/arm-none-eabi/4.8.3/armv6-m\libgcc.a(_dvmd_tls.o)
                              c:/program files (x86)/gnu tools arm embedded/4.8 2014q1/bin/../lib/gcc/arm-none-eabi/4.8.3/armv6-m\libgcc.a(_udivsi3.o) (__aeabi_idiv0)
c:/program files (x86)/gnu tools arm embedded/4.8 2014q1/bin/../lib/gcc/arm-none-eabi/4.8.3/armv6-m\libgcc.a(_aeabi_ldivmod.o)
                              ..\obj\main.o (__aeabi_ldivmod)
c:/program files (x86)/gnu tools arm embedded/4.8 2014q1/bin/../lib/gcc/arm-none-eabi/4.8.3/armv6-m\libgcc.a(_aeabi_uldivmod.o)
                              ..\obj\radio.o (__aeabi_uldivmod)
c:/program files (x86)/gnu tools arm embedded/4.8 2014q1/bin/../lib/gcc/arm-none-eabi/4.8.3/armv6-m\libgcc.a(_muldi3.o)
                              ..\obj\main.o (__aeabi_lmul)
c:/program files (x86)/gnu tools arm embedded/4.8 2014q1/bin/../lib/gcc/arm-none-eabi/4.8.3/armv6-m\libgcc.a(bpabi.o)
                              c:/program files (x86)/gnu tools arm embedded/4.8 2014q1/bin/../lib/gcc/arm-none-eabi/4.8.3/armv6-m\libgcc.a(_aeabi_ldivmod.o) (__gnu_ldivmod_helper)
c:/program files (x86)/gnu tools arm embedded/4.8 2014q1/bin/../lib/gcc/arm-none-eabi/4.8.3/armv6-m\libgcc.a(_divdi3.o)
                              c:/program files (x86)/gnu tools arm embedded/4.8 2014q1/bin/../lib/gcc/arm-none-eabi/4.8.3/armv6-m\libgcc.a(bpabi.o) (__divdi3)
c:/program files (x86)/gnu tools arm embedded/4.8 2014q1/bin/../lib/gcc/arm-none-eabi/4.8.3/armv6-m\libgcc.a(_udivdi3.o)
                              c:/program files (x86)/gnu tools arm embedded/4.8 2014q1/bin/../lib/gcc/arm-none-eabi/4.8.3/armv6-m\libgcc.a(bpabi.o) (__udivdi3)
c:/program files (x86)/gnu tools arm embedded/4.8 2014q1/bin/../lib/gcc/arm-none-eabi/4.8.3/armv6-m\libgcc.a(_clzsi2.o)
                              c:/program files (x86)/gnu tools arm embedded/4.8 2014q1/bin/../lib/gcc/arm-none-eabi/4.8.3/armv6-m\libgcc.a(_divdi3.o) (__clzsi2)
c:/program files (x86)/gnu tools arm embedded/4.8 2014q1/bin/../lib/gcc/arm-none-eabi/4.8.3/../../../../arm-none-eabi/lib/armv6-m\libg_s.a(lib_a-atoi.o)
                              ..\obj\telem_parser.o (atoi)
c:/program files (x86)/gnu tools arm embedded/4.8 2014q1/bin/../lib/gcc/arm-none-eabi/4.8.3/../../../../arm-none-eabi/lib/armv6-m\libg_s.a(lib_a-snprintf.o)
[...]
Memory Configuration

Name             Origin             Length             Attributes
rom              0x08000000         0x0000f800         xr
ram              0x20000000         0x00004000         xrw
*default*        0x00000000         0xffffffff

Linker script and memory map


.text           0x08000000     0x8814
 *(.vectors)
 .vectors       0x08000000       0xc0 ..\..\..\libopencm3-usb\lib\libopencm3_stm32f0.a(vector.o)
                0x08000000                vector_table
 *(.text*)
 .text.bluetooth_init
                0x080000c0       0xd0 ..\obj\bluetooth.o
                0x080000c0                bluetooth_init
 .text.bluetooth_sleep
                0x08000190       0x28 ..\obj\bluetooth.o
                0x08000190                bluetooth_sleep
 .text.bluetooth_wakeup
                0x080001b8       0x58 ..\obj\bluetooth.o
                0x080001b8                bluetooth_wakeup
 .text.bluetooth_configure
                0x08000210       0xcc ..\obj\bluetooth.o
                0x08000210                bluetooth_configure
 .text.bt_send_string
                0x080002dc       0x38 ..\obj\bluetooth.o
 .text.start_bt_telem_send
                0x08000314      0x13c ..\obj\bluetooth.o
                0x08000314                start_bt_telem_send
 .text.bt_get_status
                0x08000450       0x14 ..\obj\bluetooth.o
                0x08000450                bt_get_status
 .text.continue_bt_telem_send
                0x08000464       0xe0 ..\obj\bluetooth.o
                0x08000464                continue_bt_telem_send
 .text.bt_update_characteristic
                0x08000544      0x138 ..\obj\bluetooth.o
                0x08000544                bt_update_characteristic
 .text.start_advertise
                0x0800067c       0x54 ..\obj\bluetooth.o
                0x0800067c                start_advertise
 .text.check_characteristic_handle
                0x080006d0       0x48 ..\obj\bluetooth.o
                0x080006d0                check_characteristic_handle
 .text.bt_timer_10ms_tick
                0x08000718       0x38 ..\obj\bluetooth.o
                0x08000718                bt_timer_10ms_tick
 .text.bt_process_line_rx
                0x08000750      0x324 ..\obj\bluetooth.o
                0x08000750                bt_process_line_rx
 .text.bt_waiting_for_response
                0x08000a74       0x14 ..\obj\bluetooth.o
                0x08000a74                bt_waiting_for_response
 .text.strncmp_circ
                0x08000a88       0xb4 ..\obj\bluetooth.o
 .text.be16     0x08000b3c       0x50 ..\obj\cmp.o
 .text.be32     0x08000b8c       0x68 ..\obj\cmp.o
 .text.be64     0x08000bf4       0xb0 ..\obj\cmp.o
 .text.befloat  0x08000ca4       0x68 ..\obj\cmp.o
 .text.bedouble
                0x08000d0c       0xb0 ..\obj\cmp.o
 .text.read_byte
                0x08000dbc       0x24 ..\obj\cmp.o
 .text.write_byte
                0x08000de0       0x30 ..\obj\cmp.o
 .text.read_type_marker
                0x08000e10       0x30 ..\obj\cmp.o
 .text.write_type_marker
                0x08000e40       0x38 ..\obj\cmp.o
 .text.write_fixed_value
                0x08000e78       0x38 ..\obj\cmp.o
 .text.cmp_init
                0x08000eb0       0x2c ..\obj\cmp.o
                0x08000eb0                cmp_init
 .text.cmp_write_pfix
                0x08000edc       0x3c ..\obj\cmp.o
                0x08000edc                cmp_write_pfix
 .text.cmp_write_nfix
                0x08000f18       0x44 ..\obj\cmp.o
                0x08000f18                cmp_write_nfix
 .text.cmp_write_s8
                0x08000f5c       0x48 ..\obj\cmp.o
                0x08000f5c                cmp_write_s8
 .text.cmp_write_s16
                0x08000fa4       0x5c ..\obj\cmp.o
                0x08000fa4                cmp_write_s16
 .text.cmp_write_s32
                0x08001000       0x50 ..\obj\cmp.o
                0x08001000                cmp_write_s32
 .text.cmp_write_s64
                0x08001050       0x5c ..\obj\cmp.o
                0x08001050                cmp_write_s64
 .text.cmp_write_u8
                0x080010ac       0x48 ..\obj\cmp.o
                0x080010ac                cmp_write_u8
 .text.cmp_write_u16
                0x080010f4       0x5c ..\obj\cmp.o
                0x080010f4                cmp_write_u16
 .text.cmp_write_u32
                0x08001150       0x50 ..\obj\cmp.o
                0x08001150                cmp_write_u32
 .text.cmp_write_u64
                0x080011a0       0x5c ..\obj\cmp.o
                0x080011a0                cmp_write_u64
 .text.cmp_write_float
                0x080011fc       0x50 ..\obj\cmp.o
                0x080011fc                cmp_write_float
 .text.cmp_write_double
                0x0800124c       0x5c ..\obj\cmp.o
                0x0800124c                cmp_write_double
 .text.cmp_write_nil
                0x080012a8       0x1c ..\obj\cmp.o
                0x080012a8                cmp_write_nil
 .text.cmp_write_true
                0x080012c4       0x1c ..\obj\cmp.o
                0x080012c4                cmp_write_true
 .text.cmp_write_false
                0x080012e0       0x1c ..\obj\cmp.o
                0x080012e0                cmp_write_false
 .text.cmp_write_fixstr_marker
                0x080012fc       0x40 ..\obj\cmp.o
                0x080012fc                cmp_write_fixstr_marker
 .text.cmp_write_str16_marker
                0x0800133c       0x64 ..\obj\cmp.o
                0x0800133c                cmp_write_str16_marker
 .text.cmp_write_str32_marker
                0x080013a0       0x5c ..\obj\cmp.o
                0x080013a0                cmp_write_str32_marker
 .text.cmp_write_bin8_marker
                0x080013fc       0x54 ..\obj\cmp.o
                0x080013fc                cmp_write_bin8_marker
 .text.cmp_write_bin16_marker
                0x08001450       0x64 ..\obj\cmp.o
                0x08001450                cmp_write_bin16_marker
 .text.cmp_write_bin32_marker
                0x080014b4       0x5c ..\obj\cmp.o
                0x080014b4                cmp_write_bin32_marker
 .text.cmp_write_fixarray
                0x08001510       0x40 ..\obj\cmp.o
                0x08001510                cmp_write_fixarray
 .text.cmp_write_array16
                0x08001550       0x64 ..\obj\cmp.o
                0x08001550                cmp_write_array16
 .text.cmp_write_array32
                0x080015b4       0x5c ..\obj\cmp.o
                0x080015b4                cmp_write_array32
 .text.cmp_write_fixmap
                0x08001610       0x40 ..\obj\cmp.o
                0x08001610                cmp_write_fixmap
 .text.cmp_write_map16
                0x08001650       0x64 ..\obj\cmp.o
                0x08001650                cmp_write_map16
 .text.cmp_write_map32
                0x080016b4       0x5c ..\obj\cmp.o
                0x080016b4                cmp_write_map32
 .text.cmp_write_fixext1_marker
                0x08001710       0x54 ..\obj\cmp.o
                0x08001710                cmp_write_fixext1_marker
 .text.cmp_write_fixext2_marker
                0x08001764       0x54 ..\obj\cmp.o
                0x08001764                cmp_write_fixext2_marker
 .text.cmp_write_fixext4_marker
                0x080017b8       0x54 ..\obj\cmp.o
                0x080017b8                cmp_write_fixext4_marker
 .text.cmp_write_fixext8_marker
                0x0800180c       0x54 ..\obj\cmp.o
                0x0800180c                cmp_write_fixext8_marker
 .text.cmp_write_fixext16_marker
                0x08001860       0x54 ..\obj\cmp.o
                0x08001860                cmp_write_fixext16_marker
 .text.cmp_write_ext8_marker
                0x080018b4       0x74 ..\obj\cmp.o
                0x080018b4                cmp_write_ext8_marker
 .text.cmp_write_ext16_marker
                0x08001928       0x88 ..\obj\cmp.o
                0x08001928                cmp_write_ext16_marker
 .text.cmp_write_ext32_marker
                0x080019b0       0x84 ..\obj\cmp.o
                0x080019b0                cmp_write_ext32_marker
 .text.cmp_write_object
                0x08001a34      0x2e8 ..\obj\cmp.o
                0x08001a34                cmp_write_object
 .text.cmp_read_short
                0x08001d1c       0xa0 ..\obj\cmp.o
                0x08001d1c                cmp_read_short
 .text.cmp_read_int
                0x08001dbc       0xb8 ..\obj\cmp.o
                0x08001dbc                cmp_read_int
 .text.cmp_read_long
                0x08001e74      0x120 ..\obj\cmp.o
                0x08001e74                cmp_read_long
 .text.cmp_read_sinteger
                0x08001f94       0x20 ..\obj\cmp.o
                0x08001f94                cmp_read_sinteger
 .text.cmp_read_uint
                0x08001fb4       0x80 ..\obj\cmp.o
                0x08001fb4                cmp_read_uint
 .text.cmp_read_ulong
                0x08002034       0xac ..\obj\cmp.o
                0x08002034                cmp_read_ulong
 .text.cmp_read_uinteger
                0x080020e0       0x20 ..\obj\cmp.o
                0x080020e0                cmp_read_uinteger
 .text.cmp_read_str_size
                0x08002100       0x58 ..\obj\cmp.o
                0x08002100                cmp_read_str_size
 .text.cmp_read_str
                0x08002158       0x88 ..\obj\cmp.o
                0x08002158                cmp_read_str
 .text.cmp_read_array
                0x080021e0       0x58 ..\obj\cmp.o
                0x080021e0                cmp_read_array
 .text.cmp_read_map
                0x08002238       0x58 ..\obj\cmp.o
                0x08002238                cmp_read_map
 .text.cmp_read_object
                0x08002290      0x9cc ..\obj\cmp.o
                0x08002290                cmp_read_object
 .text.file_reader
                0x08002c5c       0x70 ..\obj\telem_parser.o
 .text.file_writer
                0x08002ccc       0x60 ..\obj\telem_parser.o
 .text.parse_habpack
                0x08002d2c      0x23c ..\obj\telem_parser.o
                0x08002d2c                parse_habpack
 .text.parse_ascii
                0x08002f68      0x50c ..\obj\telem_parser.o
                0x08002f68                parse_ascii
 .text.init     0x08003474      0x314 ..\obj\main.o
                0x08003474                init
 .text.exti4_15_isr
                0x08003788      0x448 ..\obj\main.o
                0x08003788                exti4_15_isr
 .text.adc_comp_isr
                0x08003bd0       0x98 ..\obj\main.o
                0x08003bd0                adc_comp_isr
 .text.usart2_isr
                0x08003c68       0x70 ..\obj\main.o
                0x08003c68                usart2_isr
 .text.sys_tick_handler
                0x08003cd8      0x1ec ..\obj\main.o
                0x08003cd8                sys_tick_handler
 .text.process_bt_buffer
                0x08003ec4       0x38 ..\obj\main.o
 .text.check_bt_buffer
                0x08003efc       0xd4 ..\obj\main.o
 .text.main     0x08003fd0      0x440 ..\obj\main.o
                0x08003fd0                main
 .text.update_offset
                0x08004410       0xd0 ..\obj\main.o
 .text.correct_offset
                0x080044e0       0x5c ..\obj\main.o
 .text.process_packet
                0x0800453c      0x1e0 ..\obj\main.o
 .text._delay_ms
                0x0800471c       0x3c ..\obj\main.o
                0x0800471c                _delay_ms
 .text.rotary_state_next
                0x08004758       0x30 ..\obj\main.o
 .text.rotary_state_prev
                0x08004788       0x30 ..\obj\main.o
 .text.rotary_state
                0x080047b8       0x38 ..\obj\main.o
 .text.inc_ui_main
                0x080047f0       0x40 ..\obj\main.o
 .text.dec_ui_main
                0x08004830       0x40 ..\obj\main.o
 .text.inc_ui_menu
                0x08004870       0x40 ..\obj\main.o
 .text.dec_ui_menu
                0x080048b0       0x40 ..\obj\main.o
 .text.inc_uplink_msg
                0x080048f0       0x2c ..\obj\main.o
 .text.dec_uplink_msg
                0x0800491c       0x2c ..\obj\main.o
 .text.redraw_timers
                0x08004948       0xd0 ..\obj\main.o
 .text.redraw_screen
                0x08004a18      0x654 ..\obj\main.o
 .text.print_frequency
                0x0800506c       0x60 ..\obj\main.o
 .text.change_setting
                0x080050cc      0x1d8 ..\obj\main.o
 .text.load_settings
                0x080052a4       0x4c ..\obj\main.o
 .text.get_radio_bandwidth
                0x080052f0       0x90 ..\obj\main.o
 .text.get_bandwidth
                0x08005380       0xa4 ..\obj\main.o
 .text.read_settings_flash
                0x08005424       0x7c ..\obj\main.o
 .text.write_settings_flash
                0x080054a0       0x88 ..\obj\main.o
 .text.erase_settings_page
                0x08005528       0x28 ..\obj\main.o
 .text.switch_to_rx
                0x08005550       0x38 ..\obj\main.o
 .text.switch_to_tx
                0x08005588       0x48 ..\obj\main.o
 .text.send_uplink
                0x080055d0       0x58 ..\obj\main.o
 .text.low_batt
                0x08005628       0x90 ..\obj\main.o
 .text.min      0x080056b8       0x30 ..\obj\radio.o
                0x080056b8                min
 .text.radio_write_lora_config
                0x080056e8      0x170 ..\obj\radio.o
                0x080056e8                radio_write_lora_config
 .text.radio_sleep
                0x08005858       0x2c ..\obj\radio.o
                0x08005858                radio_sleep
 .text.radio_standby
                0x08005884       0x34 ..\obj\radio.o
                0x08005884                radio_standby
 .text.radio_high_power
                0x080058b8       0x10 ..\obj\radio.o
                0x080058b8                radio_high_power
 .text.radio_pa_off
                0x080058c8       0x10 ..\obj\radio.o
                0x080058c8                radio_pa_off
 .text.radio_lna_max
                0x080058d8       0x10 ..\obj\radio.o
                0x080058d8                radio_lna_max
 .text.radio_set_frequency_frreg
                0x080058e8       0x40 ..\obj\radio.o
                0x080058e8                radio_set_frequency_frreg
 .text.radio_set_frequency_frq
                0x08005928       0x50 ..\obj\radio.o
                0x08005928                radio_set_frequency_frq
 .text.lora_in_progress
                0x08005978       0x20 ..\obj\radio.o
                0x08005978                lora_in_progress
 .text.radio_tx_packet
                0x08005998       0x80 ..\obj\radio.o
                0x08005998                radio_tx_packet
 .text.radio_init
                0x08005a18       0xa8 ..\obj\radio.o
                0x08005a18                radio_init
 .text.radio_set_continuous_rx
                0x08005ac0       0x30 ..\obj\radio.o
                0x08005ac0                radio_set_continuous_rx
 .text.radio_check_read_rx_packet
                0x08005af0       0xc0 ..\obj\radio.o
                0x08005af0                radio_check_read_rx_packet
 .text.radio_read_single_reg
                0x08005bb0       0x9c ..\obj\radio.o
                0x08005bb0                radio_read_single_reg
 .text.radio_read_burst_reg
                0x08005c4c       0xc8 ..\obj\radio.o
                0x08005c4c                radio_read_burst_reg
 .text.radio_write_single_reg
                0x08005d14       0x98 ..\obj\radio.o
                0x08005d14                radio_write_single_reg
 .text.radio_write_burst_reg
                0x08005dac       0xd0 ..\obj\radio.o
                0x08005dac                radio_write_burst_reg
 .text.screen_init
                0x08005e7c       0xb0 ..\obj\screen.o
                0x08005e7c                screen_init
 .text.screen_write_text
                0x08005f2c       0xe4 ..\obj\screen.o
                0x08005f2c                screen_write_text
 .text.screen_on
                0x08006010       0xd8 ..\obj\screen.o
                0x08006010                screen_on
 .text.screen_clear_row
                0x080060e8       0x24 ..\obj\screen.o
                0x080060e8                screen_clear_row
 .text.i2c_busy
                0x0800610c       0x24 ..\obj\screen.o
                0x0800610c                i2c_busy
 .text.i2c_set_bytes_to_transfer
                0x08006130       0x2c ..\obj\screen.o
                0x08006130                i2c_set_bytes_to_transfer
 .text.i2c_set_7bit_address
                0x0800615c       0x30 ..\obj\screen.o
                0x0800615c                i2c_set_7bit_address
 .text.i2c_transmit_int_status
                0x0800618c       0x24 ..\obj\screen.o
                0x0800618c                i2c_transmit_int_status
 .text.i2c_nack
                0x080061b0       0x24 ..\obj\screen.o
                0x080061b0                i2c_nack
 .text.screen_write_i2c
                0x080061d4       0xf0 ..\obj\screen.o
                0x080061d4                screen_write_i2c
 .text.screen_write_i2c_start
                0x080062c4       0x90 ..\obj\screen.o
 .text.screen_write_i2c_next_byte
                0x08006354       0x50 ..\obj\screen.o
 .text.backlight_on
                0x080063a4       0x1c ..\obj\screen.o
                0x080063a4                backlight_on
 .text.backlight_off
                0x080063c0       0x1c ..\obj\screen.o
                0x080063c0                backlight_off
 .text._sbrk    0x080063dc       0x3c ..\obj\syscalls.o
                0x080063dc                _sbrk
 .text.flash_get_status_flags
                0x08006418       0x10 ..\..\..\libopencm3-usb\lib\libopencm3_stm32f0.a(flash.o)
                0x08006418                flash_get_status_flags
 .text.flash_program_half_word
                0x08006428       0x28 ..\..\..\libopencm3-usb\lib\libopencm3_stm32f0.a(flash.o)
                0x08006428                flash_program_half_word
 .text.flash_erase_page
                0x08006450       0x34 ..\..\..\libopencm3-usb\lib\libopencm3_stm32f0.a(flash.o)
                0x08006450                flash_erase_page
 .text.rcc_wait_for_osc_ready
                0x08006484       0x50 ..\..\..\libopencm3-usb\lib\libopencm3_stm32f0.a(rcc.o)
                0x08006484                rcc_wait_for_osc_ready
 .text.rcc_osc_on
                0x080064d4       0x54 ..\..\..\libopencm3-usb\lib\libopencm3_stm32f0.a(rcc.o)
                0x080064d4                rcc_osc_on
 .text.rcc_set_sysclk_source
                0x08006528       0x44 ..\..\..\libopencm3-usb\lib\libopencm3_stm32f0.a(rcc.o)
                0x08006528                rcc_set_sysclk_source
 .text.rcc_set_ppre
                0x0800656c       0x18 ..\..\..\libopencm3-usb\lib\libopencm3_stm32f0.a(rcc.o)
                0x0800656c                rcc_set_ppre
 .text.rcc_set_hpre
                0x08006584       0x14 ..\..\..\libopencm3-usb\lib\libopencm3_stm32f0.a(rcc.o)
                0x08006584                rcc_set_hpre
 .text.rcc_clock_setup_in_hsi_out_8mhz
                0x08006598       0x40 ..\..\..\libopencm3-usb\lib\libopencm3_stm32f0.a(rcc.o)
                0x08006598                rcc_clock_setup_in_hsi_out_8mhz
 .text.rcc_periph_clock_enable
                0x080065d8       0x1c ..\..\..\libopencm3-usb\lib\libopencm3_stm32f0.a(rcc.o)
                0x080065d8                rcc_periph_clock_enable
 .text.rcc_periph_clock_disable
                0x080065f4       0x1c ..\..\..\libopencm3-usb\lib\libopencm3_stm32f0.a(rcc.o)
                0x080065f4                rcc_periph_clock_disable
 .text.rcc_periph_reset_pulse
                0x08006610       0x20 ..\..\..\libopencm3-usb\lib\libopencm3_stm32f0.a(rcc.o)
                0x08006610                rcc_periph_reset_pulse
 .text.usart_set_baudrate
                0x08006630       0x1c ..\..\..\libopencm3-usb\lib\libopencm3_stm32f0.a(usart.o)
                0x08006630                usart_set_baudrate
 .text.usart_set_databits
                0x0800664c       0x1c ..\..\..\libopencm3-usb\lib\libopencm3_stm32f0.a(usart.o)
                0x0800664c                usart_set_databits
 .text.usart_set_stopbits
                0x08006668       0x10 ..\..\..\libopencm3-usb\lib\libopencm3_stm32f0.a(usart.o)
                0x08006668                usart_set_stopbits
 .text.usart_set_parity
                0x08006678       0x10 ..\..\..\libopencm3-usb\lib\libopencm3_stm32f0.a(usart.o)
                0x08006678                usart_set_parity
 .text.usart_set_mode
                0x08006688        0xc ..\..\..\libopencm3-usb\lib\libopencm3_stm32f0.a(usart.o)
                0x08006688                usart_set_mode
 .text.usart_set_flow_control
                0x08006694       0x10 ..\..\..\libopencm3-usb\lib\libopencm3_stm32f0.a(usart.o)
                0x08006694                usart_set_flow_control
 .text.usart_enable
                0x080066a4        0xa ..\..\..\libopencm3-usb\lib\libopencm3_stm32f0.a(usart.o)
                0x080066a4                usart_enable
 .text.usart_wait_send_ready
                0x080066ae        0x8 ..\..\..\libopencm3-usb\lib\libopencm3_stm32f0.a(usart.o)
                0x080066ae                usart_wait_send_ready
 .text.usart_send_blocking
                0x080066b6       0x10 ..\..\..\libopencm3-usb\lib\libopencm3_stm32f0.a(usart.o)
                0x080066b6                usart_send_blocking
 .text.usart_enable_rx_interrupt
                0x080066c6        0xa ..\..\..\libopencm3-usb\lib\libopencm3_stm32f0.a(usart.o)
                0x080066c6                usart_enable_rx_interrupt
 .text.adc_set_single_conversion_mode
                0x080066d0       0x10 ..\..\..\libopencm3-usb\lib\libopencm3_stm32f0.a(adc.o)
                0x080066d0                adc_set_single_conversion_mode
 .text.adc_set_operation_mode
                0x080066e0       0x48 ..\..\..\libopencm3-usb\lib\libopencm3_stm32f0.a(adc.o)
                0x080066e0                adc_set_operation_mode
 .text.adc_start_conversion_regular
                0x08006728       0x14 ..\..\..\libopencm3-usb\lib\libopencm3_stm32f0.a(adc.o)
                0x08006728                adc_start_conversion_regular
 .text.adc_read_regular
                0x0800673c        0x4 ..\..\..\libopencm3-usb\lib\libopencm3_stm32f0.a(adc.o)
                0x0800673c                adc_read_regular
 .text.adc_enable_eoc_interrupt
                0x08006740        0xa ..\..\..\libopencm3-usb\lib\libopencm3_stm32f0.a(adc.o)
                0x08006740                adc_enable_eoc_interrupt
 .text.adc_power_off
                0x0800674a        0xa ..\..\..\libopencm3-usb\lib\libopencm3_stm32f0.a(adc.o)
                0x0800674a                adc_power_off
 .text.adc_power_on
                0x08006754        0xa ..\..\..\libopencm3-usb\lib\libopencm3_stm32f0.a(adc.o)
                0x08006754                adc_power_on
 .text.adc_set_regular_sequence
                0x0800675e       0x76 ..\..\..\libopencm3-usb\lib\libopencm3_stm32f0.a(adc.o)
                0x0800675e                adc_set_regular_sequence
 .text.adc_set_sample_time_on_all_channels
                0x080067d4        0x8 ..\..\..\libopencm3-usb\lib\libopencm3_stm32f0.a(adc.o)
                0x080067d4                adc_set_sample_time_on_all_channels
 .text.adc_set_resolution
                0x080067dc        0xc ..\..\..\libopencm3-usb\lib\libopencm3_stm32f0.a(adc.o)
                0x080067dc                adc_set_resolution
 .text.adc_set_right_aligned
                0x080067e8        0xa ..\..\..\libopencm3-usb\lib\libopencm3_stm32f0.a(adc.o)
                0x080067e8                adc_set_right_aligned
 .text.adc_calibrate_start
                0x080067f2        0x8 ..\..\..\libopencm3-usb\lib\libopencm3_stm32f0.a(adc.o)
                0x080067f2                adc_calibrate_start
 .text.adc_calibrate_wait_finish
                0x080067fa        0x8 ..\..\..\libopencm3-usb\lib\libopencm3_stm32f0.a(adc.o)
                0x080067fa                adc_calibrate_wait_finish
 *fill*         0x08006802        0x2 
 .text.adc_disable_analog_watchdog
                0x08006804       0x10 ..\..\..\libopencm3-usb\lib\libopencm3_stm32f0.a(adc.o)
                0x08006804                adc_disable_analog_watchdog
 .text.gpio_set
                0x08006814        0x4 ..\..\..\libopencm3-usb\lib\libopencm3_stm32f0.a(gpio_common_all.o)
                0x08006814                gpio_set
 .text.gpio_clear
                0x08006818        0x6 ..\..\..\libopencm3-usb\lib\libopencm3_stm32f0.a(gpio_common_all.o)
                0x08006818                gpio_clear
 .text.gpio_mode_setup
                0x0800681e       0x48 ..\..\..\libopencm3-usb\lib\libopencm3_stm32f0.a(gpio_common_f0234.o)
                0x0800681e                gpio_mode_setup
 .text.gpio_set_af
                0x08006866       0x4e ..\..\..\libopencm3-usb\lib\libopencm3_stm32f0.a(gpio_common_f0234.o)
                0x08006866                gpio_set_af
 .text.pwr_set_stop_mode
                0x080068b4       0x10 ..\..\..\libopencm3-usb\lib\libopencm3_stm32f0.a(pwr_common_all.o)
                0x080068b4                pwr_set_stop_mode
 .text.exti_set_trigger
                0x080068c4       0x40 ..\..\..\libopencm3-usb\lib\libopencm3_stm32f0.a(exti_common_all.o)
                0x080068c4                exti_set_trigger
 .text.exti_enable_request
                0x08006904       0x1c ..\..\..\libopencm3-usb\lib\libopencm3_stm32f0.a(exti_common_all.o)
                0x08006904                exti_enable_request
 .text.exti_select_source
                0x08006920       0x7c ..\..\..\libopencm3-usb\lib\libopencm3_stm32f0.a(exti_common_all.o)
                0x08006920                exti_select_source
 .text.spi_reset
                0x0800699c       0x28 ..\..\..\libopencm3-usb\lib\libopencm3_stm32f0.a(spi_common_all.o)
                0x0800699c                spi_reset
 .text.spi_enable
                0x080069c4        0xa ..\..\..\libopencm3-usb\lib\libopencm3_stm32f0.a(spi_common_all.o)
                0x080069c4                spi_enable
 .text.spi_enable_software_slave_management
                0x080069ce        0xc ..\..\..\libopencm3-usb\lib\libopencm3_stm32f0.a(spi_common_all.o)
                0x080069ce                spi_enable_software_slave_management
 .text.spi_set_nss_high
                0x080069da        0xc ..\..\..\libopencm3-usb\lib\libopencm3_stm32f0.a(spi_common_all.o)
                0x080069da                spi_set_nss_high
 .text.spi_init_master
                0x080069e6       0x22 ..\..\..\libopencm3-usb\lib\libopencm3_stm32f0.a(spi_common_f03.o)
                0x080069e6                spi_init_master
 .text.spi_send8
                0x08006a08        0xa ..\..\..\libopencm3-usb\lib\libopencm3_stm32f0.a(spi_common_f03.o)
                0x08006a08                spi_send8
 .text.spi_read8
                0x08006a12        0xc ..\..\..\libopencm3-usb\lib\libopencm3_stm32f0.a(spi_common_f03.o)
                0x08006a12                spi_read8
 .text.spi_fifo_reception_threshold_8bit
                0x08006a1e        0xc ..\..\..\libopencm3-usb\lib\libopencm3_stm32f0.a(spi_common_f03.o)
                0x08006a1e                spi_fifo_reception_threshold_8bit
 *fill*         0x08006a2a        0x2 
 .text.flash_set_ws
                0x08006a2c       0x14 ..\..\..\libopencm3-usb\lib\libopencm3_stm32f0.a(flash_common_f01.o)
                0x08006a2c                flash_set_ws
 .text.flash_unlock
                0x08006a40       0x28 ..\..\..\libopencm3-usb\lib\libopencm3_stm32f0.a(flash_common_f01.o)
                0x08006a40                flash_unlock
 .text.flash_wait_for_last_operation
                0x08006a68        0xc ..\..\..\libopencm3-usb\lib\libopencm3_stm32f0.a(flash_common_f01.o)
                0x08006a68                flash_wait_for_last_operation
 .text.flash_program_word
                0x08006a74       0x16 ..\..\..\libopencm3-usb\lib\libopencm3_stm32f0.a(flash_common_f01.o)
                0x08006a74                flash_program_word
 .text.blocking_handler
                0x08006a8a        0x2 ..\..\..\libopencm3-usb\lib\libopencm3_stm32f0.a(vector.o)
                0x08006a8a                rtc_isr
                0x08006a8a                tim7_isr
                0x08006a8a                blocking_handler
                0x08006a8a                tsc_isr
                0x08006a8a                spi1_isr
                0x08006a8a                i2c1_isr
                0x08006a8a                tim17_isr
                0x08006a8a                i2c2_isr
                0x08006a8a                usart1_isr
                0x08006a8a                usart3_4_isr
                0x08006a8a                tim1_cc_isr
                0x08006a8a                exti2_3_isr
                0x08006a8a                tim16_isr
                0x08006a8a                pvd_isr
                0x08006a8a                rcc_isr
                0x08006a8a                flash_isr
                0x08006a8a                hard_fault_handler
                0x08006a8a                tim14_isr
                0x08006a8a                spi2_isr
                0x08006a8a                usb_isr
                0x08006a8a                tim15_isr
                0x08006a8a                tim3_isr
                0x08006a8a                dma1_channel1_isr
                0x08006a8a                tim6_dac_isr
                0x08006a8a                tim1_brk_up_trg_com_isr
                0x08006a8a                dma1_channel2_3_isr
                0x08006a8a                cec_can_isr
                0x08006a8a                wwdg_isr
                0x08006a8a                tim2_isr
                0x08006a8a                dma1_channel4_5_isr
                0x08006a8a                exti0_1_isr
 .text.null_handler
                0x08006a8c        0x2 ..\..\..\libopencm3-usb\lib\libopencm3_stm32f0.a(vector.o)
                0x08006a8c                sv_call_handler
                0x08006a8c                pend_sv_handler
                0x08006a8c                nmi_handler
                0x08006a8c                null_handler
 *fill*         0x08006a8e        0x2 
 .text.reset_handler
                0x08006a90       0x7c ..\..\..\libopencm3-usb\lib\libopencm3_stm32f0.a(vector.o)
                0x08006a90                reset_handler
 .text.systick_set_reload
                0x08006b0c       0x10 ..\..\..\libopencm3-usb\lib\libopencm3_stm32f0.a(systick.o)
                0x08006b0c                systick_set_reload
 .text.systick_set_clocksource
                0x08006b1c       0x14 ..\..\..\libopencm3-usb\lib\libopencm3_stm32f0.a(systick.o)
                0x08006b1c                systick_set_clocksource
 .text.systick_interrupt_enable
                0x08006b30       0x10 ..\..\..\libopencm3-usb\lib\libopencm3_stm32f0.a(systick.o)
                0x08006b30                systick_interrupt_enable
 .text.systick_counter_enable
                0x08006b40       0x10 ..\..\..\libopencm3-usb\lib\libopencm3_stm32f0.a(systick.o)
                0x08006b40                systick_counter_enable
 .text.systick_counter_disable
                0x08006b50       0x10 ..\..\..\libopencm3-usb\lib\libopencm3_stm32f0.a(systick.o)
                0x08006b50                systick_counter_disable
 .text.nvic_enable_irq
                0x08006b60       0x18 ..\..\..\libopencm3-usb\lib\libopencm3_stm32f0.a(nvic.o)
                0x08006b60                nvic_enable_irq
 .text.cm3_assert_failed
                0x08006b78        0x2 ..\..\..\libopencm3-usb\lib\libopencm3_stm32f0.a(assert.o)
                0x08006b78                cm3_assert_failed
 *fill*         0x08006b7a        0x2 
 .text          0x08006b7c       0x14 c:/program files (x86)/gnu tools arm embedded/4.8 2014q1/bin/../lib/gcc/arm-none-eabi/4.8.3/armv6-m\libgcc.a(_thumb1_case_uqi.o)
                0x08006b7c                __gnu_thumb1_case_uqi
 .text          0x08006b90       0x9c c:/program files (x86)/gnu tools arm embedded/4.8 2014q1/bin/../lib/gcc/arm-none-eabi/4.8.3/armv6-m\libgcc.a(_udivsi3.o)
                0x08006b90                __aeabi_uidiv
                0x08006b90                __udivsi3
                0x08006c18                __aeabi_uidivmod
 .text          0x08006c2c       0xc0 c:/program files (x86)/gnu tools arm embedded/4.8 2014q1/bin/../lib/gcc/arm-none-eabi/4.8.3/armv6-m\libgcc.a(_divsi3.o)
                0x08006c2c                __divsi3
                0x08006c2c                __aeabi_idiv
                0x08006cd8                __aeabi_idivmod
 .text          0x08006cec        0x4 c:/program files (x86)/gnu tools arm embedded/4.8 2014q1/bin/../lib/gcc/arm-none-eabi/4.8.3/armv6-m\libgcc.a(_dvmd_tls.o)
                0x08006cec                __aeabi_idiv0
                0x08006cec                __aeabi_ldiv0
 .text          0x08006cf0       0x48 c:/program files (x86)/gnu tools arm embedded/4.8 2014q1/bin/../lib/gcc/arm-none-eabi/4.8.3/armv6-m\libgcc.a(_aeabi_ldivmod.o)
                0x08006cf0                __aeabi_ldivmod
 .text          0x08006d38       0x40 c:/program files (x86)/gnu tools arm embedded/4.8 2014q1/bin/../lib/gcc/arm-none-eabi/4.8.3/armv6-m\libgcc.a(_aeabi_uldivmod.o)
                0x08006d38                __aeabi_uldivmod
 .text          0x08006d78       0x44 c:/program files (x86)/gnu tools arm embedded/4.8 2014q1/bin/../lib/gcc/arm-none-eabi/4.8.3/armv6-m\libgcc.a(_muldi3.o)
                0x08006d78                __muldi3
                0x08006d78                __aeabi_lmul
 .text          0x08006dbc       0x6c c:/program files (x86)/gnu tools arm embedded/4.8 2014q1/bin/../lib/gcc/arm-none-eabi/4.8.3/armv6-m\libgcc.a(bpabi.o)
                0x08006dbc                __gnu_ldivmod_helper
                0x08006df4                __gnu_uldivmod_helper
 .text          0x08006e28      0x3b8 c:/program files (x86)/gnu tools arm embedded/4.8 2014q1/bin/../lib/gcc/arm-none-eabi/4.8.3/armv6-m\libgcc.a(_divdi3.o)
                0x08006e28                __divdi3
 .text          0x080071e0      0x384 c:/program files (x86)/gnu tools arm embedded/4.8 2014q1/bin/../lib/gcc/arm-none-eabi/4.8.3/armv6-m\libgcc.a(_udivdi3.o)
                0x080071e0                __udivdi3
 .text          0x08007564       0x3c c:/program files (x86)/gnu tools arm embedded/4.8 2014q1/bin/../lib/gcc/arm-none-eabi/4.8.3/armv6-m\libgcc.a(_clzsi2.o)
                0x08007564                __clzsi2
 .text.atoi     0x080075a0        0xc c:/program files (x86)/gnu tools arm embedded/4.8 2014q1/bin/../lib/gcc/arm-none-eabi/4.8.3/../../../../arm-none-eabi/lib/armv6-m\libg_s.a(lib_a-atoi.o)
                0x080075a0                atoi
 .text.snprintf
                0x080075ac       0x64 c:/program files (x86)/gnu tools arm embedded/4.8 2014q1/bin/../lib/gcc/arm-none-eabi/4.8.3/../../../../arm-none-eabi/lib/armv6-m\libg_s.a(lib_a-snprintf.o)
                0x080075ac                sniprintf
                0x080075ac                snprintf
 .text          0x08007610       0x14 c:/program files (x86)/gnu tools arm embedded/4.8 2014q1/bin/../lib/gcc/arm-none-eabi/4.8.3/../../../../arm-none-eabi/lib/armv6-m\libg_s.a(lib_a-strcmp.o)
                0x08007610                strcmp
 .text.strncpy  0x08007624       0x28 c:/program files (x86)/gnu tools arm embedded/4.8 2014q1/bin/../lib/gcc/arm-none-eabi/4.8.3/../../../../arm-none-eabi/lib/armv6-m\libg_s.a(lib_a-strncpy.o)
                0x08007624                strncpy
 .text._strtol_r
                0x0800764c      0x114 c:/program files (x86)/gnu tools arm embedded/4.8 2014q1/bin/../lib/gcc/arm-none-eabi/4.8.3/../../../../arm-none-eabi/lib/armv6-m\libg_s.a(lib_a-strtol.o)
                0x0800764c                _strtol_r
 .text.strtol   0x08007760       0x1c c:/program files (x86)/gnu tools arm embedded/4.8 2014q1/bin/../lib/gcc/arm-none-eabi/4.8.3/../../../../arm-none-eabi/lib/armv6-m\libg_s.a(lib_a-strtol.o)
                0x08007760                strtol
 .text.__ssputs_r
                0x0800777c       0xc0 c:/program files (x86)/gnu tools arm embedded/4.8 2014q1/bin/../lib/gcc/arm-none-eabi/4.8.3/../../../../arm-none-eabi/lib/armv6-m\libg_s.a(lib_a-svfprintf.o)
                0x0800777c                __ssputs_r
 .text._svfprintf_r
                0x0800783c      0x1e0 c:/program files (x86)/gnu tools arm embedded/4.8 2014q1/bin/../lib/gcc/arm-none-eabi/4.8.3/../../../../arm-none-eabi/lib/armv6-m\libg_s.a(lib_a-svfprintf.o)
                0x0800783c                _svfiprintf_r
                0x0800783c                _svfprintf_r
 .text._printf_common
                0x08007a1c       0xe8 c:/program files (x86)/gnu tools arm embedded/4.8 2014q1/bin/../lib/gcc/arm-none-eabi/4.8.3/../../../../arm-none-eabi/lib/armv6-m\libg_s.a(lib_a-vfprintf_i.o)
                0x08007a1c                _printf_common
 .text._printf_i
                0x08007b04      0x22c c:/program files (x86)/gnu tools arm embedded/4.8 2014q1/bin/../lib/gcc/arm-none-eabi/4.8.3/../../../../arm-none-eabi/lib/armv6-m\libg_s.a(lib_a-vfprintf_i.o)
                0x08007b04                _printf_i
 .text.memchr   0x08007d30       0x16 c:/program files (x86)/gnu tools arm embedded/4.8 2014q1/bin/../lib/gcc/arm-none-eabi/4.8.3/../../../../arm-none-eabi/lib/armv6-m\libg_s.a(lib_a-memchr-stub.o)
                0x08007d30                memchr
 .text.memcpy   0x08007d46       0x12 c:/program files (x86)/gnu tools arm embedded/4.8 2014q1/bin/../lib/gcc/arm-none-eabi/4.8.3/../../../../arm-none-eabi/lib/armv6-m\libg_s.a(lib_a-memcpy-stub.o)
                0x08007d46                memcpy
 .text.memmove  0x08007d58       0x32 c:/program files (x86)/gnu tools arm embedded/4.8 2014q1/bin/../lib/gcc/arm-none-eabi/4.8.3/../../../../arm-none-eabi/lib/armv6-m\libg_s.a(lib_a-memmove.o)
                0x08007d58                memmove
 *fill*         0x08007d8a        0x2 
 .text._free_r  0x08007d8c       0x90 c:/program files (x86)/gnu tools arm embedded/4.8 2014q1/bin/../lib/gcc/arm-none-eabi/4.8.3/../../../../arm-none-eabi/lib/armv6-m\libg_s.a(lib_a-nano-freer.o)
                0x08007d8c                _free_r
 .text._malloc_r
                0x08007e1c       0xa8 c:/program files (x86)/gnu tools arm embedded/4.8 2014q1/bin/../lib/gcc/arm-none-eabi/4.8.3/../../../../arm-none-eabi/lib/armv6-m\libg_s.a(lib_a-nano-mallocr.o)
                0x08007e1c                _malloc_r
 .text._realloc_r
                0x08007ec4       0x4c c:/program files (x86)/gnu tools arm embedded/4.8 2014q1/bin/../lib/gcc/arm-none-eabi/4.8.3/../../../../arm-none-eabi/lib/armv6-m\libg_s.a(lib_a-nano-reallocr.o)
                0x08007ec4                _realloc_r
 .text._sbrk_r  0x08007f10       0x24 c:/program files (x86)/gnu tools arm embedded/4.8 2014q1/bin/../lib/gcc/arm-none-eabi/4.8.3/../../../../arm-none-eabi/lib/armv6-m\libg_s.a(lib_a-sbrkr.o)
                0x08007f10                _sbrk_r
 .text.strlen   0x08007f34        0xe c:/program files (x86)/gnu tools arm embedded/4.8 2014q1/bin/../lib/gcc/arm-none-eabi/4.8.3/../../../../arm-none-eabi/lib/armv6-m\libg_s.a(lib_a-strlen.o)
                0x08007f34                strlen
 .text._malloc_usable_size_r
                0x08007f42       0x12 c:/program files (x86)/gnu tools arm embedded/4.8 2014q1/bin/../lib/gcc/arm-none-eabi/4.8.3/../../../../arm-none-eabi/lib/armv6-m\libg_s.a(lib_a-nano-msizer.o)
                0x08007f42                _malloc_usable_size_r
                0x08007f54                . = ALIGN (0x4)
 *(.rodata*)
 .rodata        0x08007f54      0x10c ..\obj\bluetooth.o
                0x08007f54                private_service
                0x08007f78                private_characteristic
                0x08007f9c                private_characteristic_freq
                0x08007fc0                private_characteristic_offset
                0x08007fe4                bt_end
                0x08007fe8                bt_ack
                0x08007fec                bt_err
                0x08007ff0                bt_conn
                0x08007ffc                bt_disconn
 .rodata        0x08008060      0x354 ..\obj\cmp.o
 .rodata        0x080083b4      0x314 ..\obj\main.o
 .rodata        0x080086c8       0x14 ..\obj\screen.o
 .rodata.str1.1
                0x080086dc       0x11 c:/program files (x86)/gnu tools arm embedded/4.8 2014q1/bin/../lib/gcc/arm-none-eabi/4.8.3/../../../../arm-none-eabi/lib/armv6-m\libg_s.a(lib_a-svfprintf.o)
 .rodata.str1.1
                0x080086ed       0x22 c:/program files (x86)/gnu tools arm embedded/4.8 2014q1/bin/../lib/gcc/arm-none-eabi/4.8.3/../../../../arm-none-eabi/lib/armv6-m\libg_s.a(lib_a-vfprintf_i.o)
 .rodata._ctype_
                0x0800870f      0x101 c:/program files (x86)/gnu tools arm embedded/4.8 2014q1/bin/../lib/gcc/arm-none-eabi/4.8.3/../../../../arm-none-eabi/lib/armv6-m\libg_s.a(lib_a-ctype_.o)
                0x0800870f                _ctype_
 .rodata.str1.1
                0x08008810        0x2 c:/program files (x86)/gnu tools arm embedded/4.8 2014q1/bin/../lib/gcc/arm-none-eabi/4.8.3/../../../../arm-none-eabi/lib/armv6-m\libg_s.a(lib_a-impure.o)
                0x08008814                . = ALIGN (0x4)
 *fill*         0x08008812        0x2 

.glue_7         0x08008814        0x0
 .glue_7        0x00000000        0x0 linker stubs

.glue_7t        0x08008814        0x0
 .glue_7t       0x00000000        0x0 linker stubs

.vfp11_veneer   0x08008814        0x0
 .vfp11_veneer  0x00000000        0x0 linker stubs

.v4_bx          0x08008814        0x0
 .v4_bx         0x00000000        0x0 linker stubs

.iplt           0x08008814        0x0
 .iplt          0x00000000        0x0 ..\obj\bluetooth.o

.preinit_array  0x08008814        0x0
                0x08008814                . = ALIGN (0x4)
                0x08008814                __preinit_array_start = .
 *(.preinit_array)
                0x08008814                __preinit_array_end = .

.init_array     0x08008814        0x0
                0x08008814                . = ALIGN (0x4)
                0x08008814                __init_array_start = .
 *(SORT(.init_array.*))
 *(.init_array)
                0x08008814                __init_array_end = .

.fini_array     0x08008814        0x0
                0x08008814                . = ALIGN (0x4)
                0x08008814                __fini_array_start = .
 *(.fini_array)
 *(SORT(.fini_array.*))
                0x08008814                __fini_array_end = .

.ARM.extab
 *(.ARM.extab*)

.ARM.exidx      0x08008814        0x8
                0x08008814                __exidx_start = .
 *(.ARM.exidx*)
 .ARM.exidx     0x08008814        0x8 c:/program files (x86)/gnu tools arm embedded/4.8 2014q1/bin/../lib/gcc/arm-none-eabi/4.8.3/armv6-m\libgcc.a(_divdi3.o)
 .ARM.exidx     0x0800881c        0x0 c:/program files (x86)/gnu tools arm embedded/4.8 2014q1/bin/../lib/gcc/arm-none-eabi/4.8.3/armv6-m\libgcc.a(_udivdi3.o)
                                  0x8 (size before relaxing)
                0x0800881c                __exidx_end = .

.rel.dyn        0x0800881c        0x0
 .rel.iplt      0x00000000        0x0 ..\obj\bluetooth.o
                0x0800881c                . = ALIGN (0x4)
                0x0800881c                _etext = .

.data           0x20000000       0xc4 load address 0x0800881c
                0x20000000                _data = .
 *(.data*)
 .data          0x20000000        0x2 ..\obj\telem_parser.o
                0x20000000                hb_ptr_max
 *fill*         0x20000002        0x2 
 .data          0x20000004       0x50 ..\obj\main.o
                0x20000050                radio_bandwidth
                0x20000052                auto_ping
 .data.rcc_core_frequency
                0x20000054        0x4 ..\..\..\libopencm3-usb\lib\libopencm3_stm32f0.a(rcc.o)
                0x20000054                rcc_core_frequency
 .data.rcc_ppre_frequency
                0x20000058        0x4 ..\..\..\libopencm3-usb\lib\libopencm3_stm32f0.a(rcc.o)
                0x20000058                rcc_ppre_frequency
 .data.__ctype_ptr__
                0x2000005c        0x4 c:/program files (x86)/gnu tools arm embedded/4.8 2014q1/bin/../lib/gcc/arm-none-eabi/4.8.3/../../../../arm-none-eabi/lib/armv6-m\libg_s.a(lib_a-ctype_.o)
                0x2000005c                __ctype_ptr__
 .data.impure_data
                0x20000060       0x60 c:/program files (x86)/gnu tools arm embedded/4.8 2014q1/bin/../lib/gcc/arm-none-eabi/4.8.3/../../../../arm-none-eabi/lib/armv6-m\libg_s.a(lib_a-impure.o)
 .data._impure_ptr
                0x200000c0        0x4 c:/program files (x86)/gnu tools arm embedded/4.8 2014q1/bin/../lib/gcc/arm-none-eabi/4.8.3/../../../../arm-none-eabi/lib/armv6-m\libg_s.a(lib_a-impure.o)
                0x200000c0                _impure_ptr
                0x200000c4                . = ALIGN (0x4)
                0x200000c4                _edata = .
                0x0800881c                _data_loadaddr = LOADADDR (.data)

.igot.plt       0x200000c4        0x0 load address 0x080088e0
 .igot.plt      0x00000000        0x0 ..\obj\bluetooth.o

.bss            0x200000c4      0x29c load address 0x080088e0
 *(.bss*)
 .bss           0x200000c4        0xc ..\obj\bluetooth.o
                0x200000c4                bt_status
                0x200000c5                waiting_for_response
 .bss           0x200000d0        0x1 ..\obj\telem_parser.o
                0x200000d0                hb_buf_ptr
 *fill*         0x200000d1        0x3 
 .bss           0x200000d4       0xfc ..\obj\main.o
                0x200000d4                buff
                0x20000154                buff_tx
                0x20000174                bt_buff_ptr_w
                0x20000176                bt_buff_ptr_r
                0x20000178                bt_buff_ptr_last
                0x2000017a                in_new_string
                0x200001ca                ui_main
                0x200001cb                ui_menu
                0x200001cc                ui_state
                0x200001cd                ui_selected_uplink
 .bss           0x200001d0        0x1 ..\obj\screen.o
 *fill*         0x200001d1        0x3 
 .bss           0x200001d4        0x4 ..\obj\syscalls.o
 .bss.__malloc_sbrk_start
                0x200001d8        0x4 c:/program files (x86)/gnu tools arm embedded/4.8 2014q1/bin/../lib/gcc/arm-none-eabi/4.8.3/../../../../arm-none-eabi/lib/armv6-m\libg_s.a(lib_a-nano-mallocr.o)
                0x200001d8                __malloc_sbrk_start
 .bss.__malloc_free_list
                0x200001dc        0x4 c:/program files (x86)/gnu tools arm embedded/4.8 2014q1/bin/../lib/gcc/arm-none-eabi/4.8.3/../../../../arm-none-eabi/lib/armv6-m\libg_s.a(lib_a-nano-mallocr.o)
                0x200001dc                __malloc_free_list
 *(COMMON)
 COMMON         0x200001e0        0x1 ..\obj\bluetooth.o
                0x200001e0                bt_last_query
 *fill*         0x200001e1        0x3 
 COMMON         0x200001e4      0x175 ..\obj\main.o
                0x200001e4                s_currently_unsaved
                0x200001f4                s_lora
                0x20000204                bt_buff
                0x20000304                presets
                0x20000354                preset_lock
 *fill*         0x20000359        0x3 
 COMMON         0x2000035c        0x4 c:/program files (x86)/gnu tools arm embedded/4.8 2014q1/bin/../lib/gcc/arm-none-eabi/4.8.3/../../../../arm-none-eabi/lib/armv6-m\libg_s.a(lib_a-reent.o)
                0x2000035c                errno
                0x20000360                . = ALIGN (0x4)
                0x20000360                _ebss = .

/DISCARD/
 *(.eh_frame)
                0x20000360                . = ALIGN (0x4)
                0x20000360                end = .
                0x20000360                _end = .
                0x20004000                PROVIDE (_stack, (ORIGIN (ram) + 0x4000))
LOAD ..\obj\bluetooth.o
LOAD ..\obj\cmp.o
LOAD ..\obj\delay.o
LOAD ..\obj\telem_parser.o
LOAD ..\obj\main.o
LOAD ..\obj\radio.o
LOAD ..\obj\screen.o
LOAD ..\obj\syscalls.o
LOAD ..\..\..\libopencm3-usb\lib\libopencm3_stm32f0.a
START GROUP
LOAD c:/program files (x86)/gnu tools arm embedded/4.8 2014q1/bin/../lib/gcc/arm-none-eabi/4.8.3/armv6-m\libgcc.a
LOAD c:/program files (x86)/gnu tools arm embedded/4.8 2014q1/bin/../lib/gcc/arm-none-eabi/4.8.3/../../../../arm-none-eabi/lib/armv6-m\libg_s.a
LOAD c:/program files (x86)/gnu tools arm embedded/4.8 2014q1/bin/../lib/gcc/arm-none-eabi/4.8.3/../../../../arm-none-eabi/lib/armv6-m\libc_s.a
END GROUP
START GROUP
LOAD c:/program files (x86)/gnu tools arm embedded/4.8 2014q1/bin/../lib/gcc/arm-none-eabi/4.8.3/armv6-m\libgcc.a
LOAD c:/program files (x86)/gnu tools arm embedded/4.8 2014q1/bin/../lib/gcc/arm-none-eabi/4.8.3/../../../../arm-none-eabi/lib/armv6-m\libc_s.a
END GROUP
OUTPUT(lora-basestation.elf elf32-littlearm)

.debug_info     0x00000000     0x8f98
 .debug_info    0x00000000      0x74d ..\obj\bluetooth.o
 .debug_info    0x0000074d     0x2852 ..\obj\cmp.o
 .debug_info    0x00002f9f      0x5cd ..\obj\telem_parser.o
 .debug_info    0x0000356c     0x1029 ..\obj\main.o
 .debug_info    0x00004595      0x941 ..\obj\radio.o
 .debug_info    0x00004ed6      0x4df ..\obj\screen.o
 .debug_info    0x000053b5      0x3ee ..\obj\syscalls.o
 .debug_info    0x000057a3      0x1af ..\..\..\libopencm3-usb\lib\libopencm3_stm32f0.a(flash.o)
 .debug_info    0x00005952      0xc27 ..\..\..\libopencm3-usb\lib\libopencm3_stm32f0.a(rcc.o)
 .debug_info    0x00006579      0x59e ..\..\..\libopencm3-usb\lib\libopencm3_stm32f0.a(usart.o)
 .debug_info    0x00006b17      0x81a ..\..\..\libopencm3-usb\lib\libopencm3_stm32f0.a(adc.o)
 .debug_info    0x00007331      0x228 ..\..\..\libopencm3-usb\lib\libopencm3_stm32f0.a(gpio_common_all.o)
 .debug_info    0x00007559      0x1f3 ..\..\..\libopencm3-usb\lib\libopencm3_stm32f0.a(gpio_common_f0234.o)
 .debug_info    0x0000774c      0x1a8 ..\..\..\libopencm3-usb\lib\libopencm3_stm32f0.a(pwr_common_all.o)
 .debug_info    0x000078f4      0x200 ..\..\..\libopencm3-usb\lib\libopencm3_stm32f0.a(exti_common_all.o)
 .debug_info    0x00007af4      0x899 ..\..\..\libopencm3-usb\lib\libopencm3_stm32f0.a(spi_common_all.o)
 .debug_info    0x0000838d      0x264 ..\..\..\libopencm3-usb\lib\libopencm3_stm32f0.a(spi_common_f03.o)
 .debug_info    0x000085f1      0x277 ..\..\..\libopencm3-usb\lib\libopencm3_stm32f0.a(flash_common_f01.o)
 .debug_info    0x00008868      0x289 ..\..\..\libopencm3-usb\lib\libopencm3_stm32f0.a(vector.o)
 .debug_info    0x00008af1      0x211 ..\..\..\libopencm3-usb\lib\libopencm3_stm32f0.a(systick.o)
 .debug_info    0x00008d02      0x1ac ..\..\..\libopencm3-usb\lib\libopencm3_stm32f0.a(nvic.o)
 .debug_info    0x00008eae       0xea ..\..\..\libopencm3-usb\lib\libopencm3_stm32f0.a(assert.o)

.debug_abbrev   0x00000000     0x1c98
 .debug_abbrev  0x00000000      0x22b ..\obj\bluetooth.o
 .debug_abbrev  0x0000022b      0x217 ..\obj\cmp.o
 .debug_abbrev  0x00000442      0x149 ..\obj\telem_parser.o
 .debug_abbrev  0x0000058b      0x291 ..\obj\main.o
 .debug_abbrev  0x0000081c      0x273 ..\obj\radio.o
 .debug_abbrev  0x00000a8f      0x132 ..\obj\screen.o
 .debug_abbrev  0x00000bc1       0xe2 ..\obj\syscalls.o
 .debug_abbrev  0x00000ca3       0x96 ..\..\..\libopencm3-usb\lib\libopencm3_stm32f0.a(flash.o)
 .debug_abbrev  0x00000d39      0x249 ..\..\..\libopencm3-usb\lib\libopencm3_stm32f0.a(rcc.o)
 .debug_abbrev  0x00000f82      0x1b0 ..\..\..\libopencm3-usb\lib\libopencm3_stm32f0.a(usart.o)
 .debug_abbrev  0x00001132      0x170 ..\..\..\libopencm3-usb\lib\libopencm3_stm32f0.a(adc.o)
 .debug_abbrev  0x000012a2      0x10b ..\..\..\libopencm3-usb\lib\libopencm3_stm32f0.a(gpio_common_all.o)
 .debug_abbrev  0x000013ad       0xa5 ..\..\..\libopencm3-usb\lib\libopencm3_stm32f0.a(gpio_common_f0234.o)
 .debug_abbrev  0x00001452       0x92 ..\..\..\libopencm3-usb\lib\libopencm3_stm32f0.a(pwr_common_all.o)
 .debug_abbrev  0x000014e4       0xe2 ..\..\..\libopencm3-usb\lib\libopencm3_stm32f0.a(exti_common_all.o)
 .debug_abbrev  0x000015c6      0x19a ..\..\..\libopencm3-usb\lib\libopencm3_stm32f0.a(spi_common_all.o)
 .debug_abbrev  0x00001760       0xd0 ..\..\..\libopencm3-usb\lib\libopencm3_stm32f0.a(spi_common_f03.o)
 .debug_abbrev  0x00001830       0xe1 ..\..\..\libopencm3-usb\lib\libopencm3_stm32f0.a(flash_common_f01.o)
 .debug_abbrev  0x00001911      0x128 ..\..\..\libopencm3-usb\lib\libopencm3_stm32f0.a(vector.o)
 .debug_abbrev  0x00001a39      0x136 ..\..\..\libopencm3-usb\lib\libopencm3_stm32f0.a(systick.o)
 .debug_abbrev  0x00001b6f       0xa3 ..\..\..\libopencm3-usb\lib\libopencm3_stm32f0.a(nvic.o)
 .debug_abbrev  0x00001c12       0x86 ..\..\..\libopencm3-usb\lib\libopencm3_stm32f0.a(assert.o)

.debug_aranges  0x00000000     0x1120
 .debug_aranges
                0x00000000       0x90 ..\obj\bluetooth.o
 .debug_aranges
                0x00000090      0x438 ..\obj\cmp.o
 .debug_aranges
                0x000004c8       0x38 ..\obj\telem_parser.o
 .debug_aranges
                0x00000500      0x150 ..\obj\main.o
 .debug_aranges
                0x00000650      0x138 ..\obj\radio.o
 .debug_aranges
                0x00000788       0x90 ..\obj\screen.o
 .debug_aranges
                0x00000818       0x60 ..\obj\syscalls.o
 .debug_aranges
                0x00000878       0x40 ..\..\..\libopencm3-usb\lib\libopencm3_stm32f0.a(flash.o)
 .debug_aranges
                0x000008b8      0x128 ..\..\..\libopencm3-usb\lib\libopencm3_stm32f0.a(rcc.o)
 .debug_aranges
                0x000009e0       0xe8 ..\..\..\libopencm3-usb\lib\libopencm3_stm32f0.a(usart.o)
 .debug_aranges
                0x00000ac8      0x188 ..\..\..\libopencm3-usb\lib\libopencm3_stm32f0.a(adc.o)
 .debug_aranges
                0x00000c50       0x50 ..\..\..\libopencm3-usb\lib\libopencm3_stm32f0.a(gpio_common_all.o)
 .debug_aranges
                0x00000ca0       0x30 ..\..\..\libopencm3-usb\lib\libopencm3_stm32f0.a(gpio_common_f0234.o)
 .debug_aranges
                0x00000cd0       0x90 ..\..\..\libopencm3-usb\lib\libopencm3_stm32f0.a(pwr_common_all.o)
 .debug_aranges
                0x00000d60       0x48 ..\..\..\libopencm3-usb\lib\libopencm3_stm32f0.a(exti_common_all.o)
 .debug_aranges
                0x00000da8      0x170 ..\..\..\libopencm3-usb\lib\libopencm3_stm32f0.a(spi_common_all.o)
 .debug_aranges
                0x00000f18       0x60 ..\..\..\libopencm3-usb\lib\libopencm3_stm32f0.a(spi_common_f03.o)
 .debug_aranges
                0x00000f78       0x88 ..\..\..\libopencm3-usb\lib\libopencm3_stm32f0.a(flash_common_f01.o)
 .debug_aranges
                0x00001000       0x30 ..\..\..\libopencm3-usb\lib\libopencm3_stm32f0.a(vector.o)
 .debug_aranges
                0x00001030       0x78 ..\..\..\libopencm3-usb\lib\libopencm3_stm32f0.a(systick.o)
 .debug_aranges
                0x000010a8       0x50 ..\..\..\libopencm3-usb\lib\libopencm3_stm32f0.a(nvic.o)
 .debug_aranges
                0x000010f8       0x28 ..\..\..\libopencm3-usb\lib\libopencm3_stm32f0.a(assert.o)

.debug_ranges   0x00000000     0x1010
 .debug_ranges  0x00000000       0x80 ..\obj\bluetooth.o
 .debug_ranges  0x00000080      0x428 ..\obj\cmp.o
 .debug_ranges  0x000004a8       0x28 ..\obj\telem_parser.o
 .debug_ranges  0x000004d0      0x140 ..\obj\main.o
 .debug_ranges  0x00000610      0x128 ..\obj\radio.o
 .debug_ranges  0x00000738       0x80 ..\obj\screen.o
 .debug_ranges  0x000007b8       0x50 ..\obj\syscalls.o
 .debug_ranges  0x00000808       0x30 ..\..\..\libopencm3-usb\lib\libopencm3_stm32f0.a(flash.o)
 .debug_ranges  0x00000838      0x118 ..\..\..\libopencm3-usb\lib\libopencm3_stm32f0.a(rcc.o)
 .debug_ranges  0x00000950      0x110 ..\..\..\libopencm3-usb\lib\libopencm3_stm32f0.a(usart.o)
 .debug_ranges  0x00000a60      0x178 ..\..\..\libopencm3-usb\lib\libopencm3_stm32f0.a(adc.o)
 .debug_ranges  0x00000bd8       0x40 ..\..\..\libopencm3-usb\lib\libopencm3_stm32f0.a(gpio_common_all.o)
 .debug_ranges  0x00000c18       0x20 ..\..\..\libopencm3-usb\lib\libopencm3_stm32f0.a(gpio_common_f0234.o)
 .debug_ranges  0x00000c38       0x80 ..\..\..\libopencm3-usb\lib\libopencm3_stm32f0.a(pwr_common_all.o)
 .debug_ranges  0x00000cb8       0x38 ..\..\..\libopencm3-usb\lib\libopencm3_stm32f0.a(exti_common_all.o)
 .debug_ranges  0x00000cf0      0x160 ..\..\..\libopencm3-usb\lib\libopencm3_stm32f0.a(spi_common_all.o)
 .debug_ranges  0x00000e50       0x50 ..\..\..\libopencm3-usb\lib\libopencm3_stm32f0.a(spi_common_f03.o)
 .debug_ranges  0x00000ea0       0x78 ..\..\..\libopencm3-usb\lib\libopencm3_stm32f0.a(flash_common_f01.o)
 .debug_ranges  0x00000f18       0x20 ..\..\..\libopencm3-usb\lib\libopencm3_stm32f0.a(vector.o)
 .debug_ranges  0x00000f38       0x80 ..\..\..\libopencm3-usb\lib\libopencm3_stm32f0.a(systick.o)
 .debug_ranges  0x00000fb8       0x40 ..\..\..\libopencm3-usb\lib\libopencm3_stm32f0.a(nvic.o)
 .debug_ranges  0x00000ff8       0x18 ..\..\..\libopencm3-usb\lib\libopencm3_stm32f0.a(assert.o)

.debug_line     0x00000000     0x4a71
 .debug_line    0x00000000      0x3bb ..\obj\bluetooth.o
 .debug_line    0x000003bb      0xea3 ..\obj\cmp.o
 .debug_line    0x0000125e      0x319 ..\obj\telem_parser.o
 .debug_line    0x00001577      0x986 ..\obj\main.o
 .debug_line    0x00001efd      0x569 ..\obj\radio.o
 .debug_line    0x00002466      0x352 ..\obj\screen.o
 .debug_line    0x000027b8      0x175 ..\obj\syscalls.o
 .debug_line    0x0000292d      0x184 ..\..\..\libopencm3-usb\lib\libopencm3_stm32f0.a(flash.o)
 .debug_line    0x00002ab1      0x4ab ..\..\..\libopencm3-usb\lib\libopencm3_stm32f0.a(rcc.o)
 .debug_line    0x00002f5c      0x319 ..\..\..\libopencm3-usb\lib\libopencm3_stm32f0.a(usart.o)
 .debug_line    0x00003275      0x4cf ..\..\..\libopencm3-usb\lib\libopencm3_stm32f0.a(adc.o)
 .debug_line    0x00003744      0x16e ..\..\..\libopencm3-usb\lib\libopencm3_stm32f0.a(gpio_common_all.o)
 .debug_line    0x000038b2      0x148 ..\..\..\libopencm3-usb\lib\libopencm3_stm32f0.a(gpio_common_f0234.o)
 .debug_line    0x000039fa      0x205 ..\..\..\libopencm3-usb\lib\libopencm3_stm32f0.a(pwr_common_all.o)
 .debug_line    0x00003bff      0x1ce ..\..\..\libopencm3-usb\lib\libopencm3_stm32f0.a(exti_common_all.o)
 .debug_line    0x00003dcd      0x452 ..\..\..\libopencm3-usb\lib\libopencm3_stm32f0.a(spi_common_all.o)
 .debug_line    0x0000421f      0x1a5 ..\..\..\libopencm3-usb\lib\libopencm3_stm32f0.a(spi_common_f03.o)
 .debug_line    0x000043c4      0x24a ..\..\..\libopencm3-usb\lib\libopencm3_stm32f0.a(flash_common_f01.o)
 .debug_line    0x0000460e       0xec ..\..\..\libopencm3-usb\lib\libopencm3_stm32f0.a(vector.o)
 .debug_line    0x000046fa      0x1d0 ..\..\..\libopencm3-usb\lib\libopencm3_stm32f0.a(systick.o)
 .debug_line    0x000048ca      0x154 ..\..\..\libopencm3-usb\lib\libopencm3_stm32f0.a(nvic.o)
 .debug_line    0x00004a1e       0x53 ..\..\..\libopencm3-usb\lib\libopencm3_stm32f0.a(assert.o)

.debug_str      0x00000000     0x3ee4
 .debug_str     0x00000000      0x5a1 ..\obj\bluetooth.o
                                0x628 (size before relaxing)
 .debug_str     0x000005a1      0xf22 ..\obj\cmp.o
                               0x110d (size before relaxing)
 .debug_str     0x000014c3      0x10a ..\obj\telem_parser.o
                                0x39e (size before relaxing)
 .debug_str     0x000015cd      0x7dc ..\obj\main.o
                                0xbd8 (size before relaxing)
 .debug_str     0x00001da9      0x3da ..\obj\radio.o
                                0x79a (size before relaxing)
 .debug_str     0x00002183      0x168 ..\obj\screen.o
                                0x443 (size before relaxing)
 .debug_str     0x000022eb      0x154 ..\obj\syscalls.o
                                0x2e5 (size before relaxing)
 .debug_str     0x0000243f      0x1ba ..\..\..\libopencm3-usb\lib\libopencm3_stm32f0.a(flash.o)
                                0x273 (size before relaxing)
 .debug_str     0x000025f9      0x4db ..\..\..\libopencm3-usb\lib\libopencm3_stm32f0.a(rcc.o)
                                0x7c2 (size before relaxing)
 .debug_str     0x00002ad4      0x236 ..\..\..\libopencm3-usb\lib\libopencm3_stm32f0.a(usart.o)
                                0x3e5 (size before relaxing)
 .debug_str     0x00002d0a      0x4e9 ..\..\..\libopencm3-usb\lib\libopencm3_stm32f0.a(adc.o)
                                0x6fd (size before relaxing)
 .debug_str     0x000031f3       0x89 ..\..\..\libopencm3-usb\lib\libopencm3_stm32f0.a(gpio_common_all.o)
                                0x202 (size before relaxing)
 .debug_str     0x0000327c       0x95 ..\..\..\libopencm3-usb\lib\libopencm3_stm32f0.a(gpio_common_f0234.o)
                                0x224 (size before relaxing)
 .debug_str     0x00003311      0x1b9 ..\..\..\libopencm3-usb\lib\libopencm3_stm32f0.a(pwr_common_all.o)
                                0x314 (size before relaxing)
 .debug_str     0x000034ca       0xac ..\..\..\libopencm3-usb\lib\libopencm3_stm32f0.a(exti_common_all.o)
                                0x273 (size before relaxing)
 .debug_str     0x00003576      0x40d ..\..\..\libopencm3-usb\lib\libopencm3_stm32f0.a(spi_common_all.o)
                                0x713 (size before relaxing)
 .debug_str     0x00003983       0xf0 ..\..\..\libopencm3-usb\lib\libopencm3_stm32f0.a(spi_common_f03.o)
                                0x276 (size before relaxing)
 .debug_str     0x00003a73       0xd1 ..\..\..\libopencm3-usb\lib\libopencm3_stm32f0.a(flash_common_f01.o)
                                0x2fc (size before relaxing)
 .debug_str     0x00003b44      0x1ab ..\..\..\libopencm3-usb\lib\libopencm3_stm32f0.a(vector.o)
                                0x300 (size before relaxing)
 .debug_str     0x00003cef      0x118 ..\..\..\libopencm3-usb\lib\libopencm3_stm32f0.a(systick.o)
                                0x29c (size before relaxing)
 .debug_str     0x00003e07       0x9f ..\..\..\libopencm3-usb\lib\libopencm3_stm32f0.a(nvic.o)
                                0x20f (size before relaxing)
 .debug_str     0x00003ea6       0x3e ..\..\..\libopencm3-usb\lib\libopencm3_stm32f0.a(assert.o)
                                0x1a0 (size before relaxing)

.comment        0x00000000       0xe0
 .comment       0x00000000       0x70 ..\obj\bluetooth.o
                                 0x71 (size before relaxing)
 .comment       0x00000000       0x71 ..\obj\cmp.o
 .comment       0x00000000       0x71 ..\obj\telem_parser.o
 .comment       0x00000000       0x71 ..\obj\main.o
 .comment       0x00000000       0x71 ..\obj\radio.o
 .comment       0x00000000       0x71 ..\obj\screen.o
 .comment       0x00000000       0x71 ..\obj\syscalls.o
 .comment       0x00000070       0x70 ..\..\..\libopencm3-usb\lib\libopencm3_stm32f0.a(flash.o)
                                 0x71 (size before relaxing)
 .comment       0x00000000       0x71 ..\..\..\libopencm3-usb\lib\libopencm3_stm32f0.a(rcc.o)
 .comment       0x00000000       0x71 ..\..\..\libopencm3-usb\lib\libopencm3_stm32f0.a(usart.o)
 .comment       0x00000000       0x71 ..\..\..\libopencm3-usb\lib\libopencm3_stm32f0.a(adc.o)
 .comment       0x00000000       0x71 ..\..\..\libopencm3-usb\lib\libopencm3_stm32f0.a(gpio_common_all.o)
 .comment       0x00000000       0x71 ..\..\..\libopencm3-usb\lib\libopencm3_stm32f0.a(gpio_common_f0234.o)
 .comment       0x00000000       0x71 ..\..\..\libopencm3-usb\lib\libopencm3_stm32f0.a(pwr_common_all.o)
 .comment       0x00000000       0x71 ..\..\..\libopencm3-usb\lib\libopencm3_stm32f0.a(exti_common_all.o)
 .comment       0x00000000       0x71 ..\..\..\libopencm3-usb\lib\libopencm3_stm32f0.a(spi_common_all.o)
 .comment       0x00000000       0x71 ..\..\..\libopencm3-usb\lib\libopencm3_stm32f0.a(spi_common_f03.o)
 .comment       0x00000000       0x71 ..\..\..\libopencm3-usb\lib\libopencm3_stm32f0.a(flash_common_f01.o)
 .comment       0x00000000       0x71 ..\..\..\libopencm3-usb\lib\libopencm3_stm32f0.a(vector.o)
 .comment       0x00000000       0x71 ..\..\..\libopencm3-usb\lib\libopencm3_stm32f0.a(systick.o)
 .comment       0x00000000       0x71 ..\..\..\libopencm3-usb\lib\libopencm3_stm32f0.a(nvic.o)
 .comment       0x00000000       0x71 ..\..\..\libopencm3-usb\lib\libopencm3_stm32f0.a(assert.o)

.ARM.attributes
                0x00000000       0x2f
 .ARM.attributes
                0x00000000       0x31 ..\obj\bluetooth.o
 .ARM.attributes
                0x00000031       0x31 ..\obj\cmp.o
 .ARM.attributes
                0x00000062       0x31 ..\obj\telem_parser.o
 .ARM.attributes
                0x00000093       0x31 ..\obj\main.o
 .ARM.attributes
                0x000000c4       0x31 ..\obj\radio.o
 .ARM.attributes
                0x000000f5       0x31 ..\obj\screen.o
 .ARM.attributes
                0x00000126       0x31 ..\obj\syscalls.o
 .ARM.attributes
                0x00000157       0x31 ..\..\..\libopencm3-usb\lib\libopencm3_stm32f0.a(flash.o)
 .ARM.attributes
                0x00000188       0x31 ..\..\..\libopencm3-usb\lib\libopencm3_stm32f0.a(rcc.o)
 .ARM.attributes
                0x000001b9       0x31 ..\..\..\libopencm3-usb\lib\libopencm3_stm32f0.a(usart.o)
 .ARM.attributes
                0x000001ea       0x31 ..\..\..\libopencm3-usb\lib\libopencm3_stm32f0.a(adc.o)
 .ARM.attributes
                0x0000021b       0x31 ..\..\..\libopencm3-usb\lib\libopencm3_stm32f0.a(gpio_common_all.o)
 .ARM.attributes
                0x0000024c       0x31 ..\..\..\libopencm3-usb\lib\libopencm3_stm32f0.a(gpio_common_f0234.o)
 .ARM.attributes
                0x0000027d       0x31 ..\..\..\libopencm3-usb\lib\libopencm3_stm32f0.a(pwr_common_all.o)
 .ARM.attributes
                0x000002ae       0x31 ..\..\..\libopencm3-usb\lib\libopencm3_stm32f0.a(exti_common_all.o)
 .ARM.attributes
                0x000002df       0x31 ..\..\..\libopencm3-usb\lib\libopencm3_stm32f0.a(spi_common_all.o)
 .ARM.attributes
                0x00000310       0x31 ..\..\..\libopencm3-usb\lib\libopencm3_stm32f0.a(spi_common_f03.o)
 .ARM.attributes
                0x00000341       0x31 ..\..\..\libopencm3-usb\lib\libopencm3_stm32f0.a(flash_common_f01.o)
 .ARM.attributes
                0x00000372       0x31 ..\..\..\libopencm3-usb\lib\libopencm3_stm32f0.a(vector.o)
 .ARM.attributes
                0x000003a3       0x31 ..\..\..\libopencm3-usb\lib\libopencm3_stm32f0.a(systick.o)
 .ARM.attributes
                0x000003d4       0x31 ..\..\..\libopencm3-usb\lib\libopencm3_stm32f0.a(nvic.o)
 .ARM.attributes
                0x00000405       0x31 ..\..\..\libopencm3-usb\lib\libopencm3_stm32f0.a(assert.o)
 .ARM.attributes
                0x00000436       0x1e c:/program files (x86)/gnu tools arm embedded/4.8 2014q1/bin/../lib/gcc/arm-none-eabi/4.8.3/armv6-m\libgcc.a(_thumb1_case_uqi.o)
 .ARM.attributes
                0x00000454       0x1e c:/program files (x86)/gnu tools arm embedded/4.8 2014q1/bin/../lib/gcc/arm-none-eabi/4.8.3/armv6-m\libgcc.a(_udivsi3.o)
 .ARM.attributes
                0x00000472       0x1e c:/program files (x86)/gnu tools arm embedded/4.8 2014q1/bin/../lib/gcc/arm-none-eabi/4.8.3/armv6-m\libgcc.a(_divsi3.o)
 .ARM.attributes
                0x00000490       0x1e c:/program files (x86)/gnu tools arm embedded/4.8 2014q1/bin/../lib/gcc/arm-none-eabi/4.8.3/armv6-m\libgcc.a(_dvmd_tls.o)
 .ARM.attributes
                0x000004ae       0x1e c:/program files (x86)/gnu tools arm embedded/4.8 2014q1/bin/../lib/gcc/arm-none-eabi/4.8.3/armv6-m\libgcc.a(_aeabi_ldivmod.o)
 .ARM.attributes
                0x000004cc       0x1e c:/program files (x86)/gnu tools arm embedded/4.8 2014q1/bin/../lib/gcc/arm-none-eabi/4.8.3/armv6-m\libgcc.a(_aeabi_uldivmod.o)
 .ARM.attributes
                0x000004ea       0x2c c:/program files (x86)/gnu tools arm embedded/4.8 2014q1/bin/../lib/gcc/arm-none-eabi/4.8.3/armv6-m\libgcc.a(_muldi3.o)
 .ARM.attributes
                0x00000516       0x2c c:/program files (x86)/gnu tools arm embedded/4.8 2014q1/bin/../lib/gcc/arm-none-eabi/4.8.3/armv6-m\libgcc.a(bpabi.o)
 .ARM.attributes
                0x00000542       0x2c c:/program files (x86)/gnu tools arm embedded/4.8 2014q1/bin/../lib/gcc/arm-none-eabi/4.8.3/armv6-m\libgcc.a(_divdi3.o)
 .ARM.attributes
                0x0000056e       0x2c c:/program files (x86)/gnu tools arm embedded/4.8 2014q1/bin/../lib/gcc/arm-none-eabi/4.8.3/armv6-m\libgcc.a(_udivdi3.o)
 .ARM.attributes
                0x0000059a       0x1e c:/program files (x86)/gnu tools arm embedded/4.8 2014q1/bin/../lib/gcc/arm-none-eabi/4.8.3/armv6-m\libgcc.a(_clzsi2.o)
 .ARM.attributes
                0x000005b8       0x2c c:/program files (x86)/gnu tools arm embedded/4.8 2014q1/bin/../lib/gcc/arm-none-eabi/4.8.3/../../../../arm-none-eabi/lib/armv6-m\libg_s.a(lib_a-atoi.o)
 .ARM.attributes
                0x000005e4       0x2c c:/program files (x86)/gnu tools arm embedded/4.8 2014q1/bin/../lib/gcc/arm-none-eabi/4.8.3/../../../../arm-none-eabi/lib/armv6-m\libg_s.a(lib_a-snprintf.o)
 .ARM.attributes
                0x00000610       0x1c c:/program files (x86)/gnu tools arm embedded/4.8 2014q1/bin/../lib/gcc/arm-none-eabi/4.8.3/../../../../arm-none-eabi/lib/armv6-m\libg_s.a(lib_a-strcmp.o)
 .ARM.attributes
                0x0000062c       0x2c c:/program files (x86)/gnu tools arm embedded/4.8 2014q1/bin/../lib/gcc/arm-none-eabi/4.8.3/../../../../arm-none-eabi/lib/armv6-m\libg_s.a(lib_a-strncpy.o)
 .ARM.attributes
                0x00000658       0x2c c:/program files (x86)/gnu tools arm embedded/4.8 2014q1/bin/../lib/gcc/arm-none-eabi/4.8.3/../../../../arm-none-eabi/lib/armv6-m\libg_s.a(lib_a-strtol.o)
 .ARM.attributes
                0x00000684       0x2c c:/program files (x86)/gnu tools arm embedded/4.8 2014q1/bin/../lib/gcc/arm-none-eabi/4.8.3/../../../../arm-none-eabi/lib/armv6-m\libg_s.a(lib_a-svfprintf.o)
 .ARM.attributes
                0x000006b0       0x2c c:/program files (x86)/gnu tools arm embedded/4.8 2014q1/bin/../lib/gcc/arm-none-eabi/4.8.3/../../../../arm-none-eabi/lib/armv6-m\libg_s.a(lib_a-vfprintf_i.o)
 .ARM.attributes
                0x000006dc       0x2c c:/program files (x86)/gnu tools arm embedded/4.8 2014q1/bin/../lib/gcc/arm-none-eabi/4.8.3/../../../../arm-none-eabi/lib/armv6-m\libg_s.a(lib_a-ctype_.o)
 .ARM.attributes
                0x00000708       0x2c c:/program files (x86)/gnu tools arm embedded/4.8 2014q1/bin/../lib/gcc/arm-none-eabi/4.8.3/../../../../arm-none-eabi/lib/armv6-m\libg_s.a(lib_a-impure.o)
 .ARM.attributes
                0x00000734       0x2c c:/program files (x86)/gnu tools arm embedded/4.8 2014q1/bin/../lib/gcc/arm-none-eabi/4.8.3/../../../../arm-none-eabi/lib/armv6-m\libg_s.a(lib_a-memchr-stub.o)
 .ARM.attributes
                0x00000760       0x2c c:/program files (x86)/gnu tools arm embedded/4.8 2014q1/bin/../lib/gcc/arm-none-eabi/4.8.3/../../../../arm-none-eabi/lib/armv6-m\libg_s.a(lib_a-memcpy-stub.o)
 .ARM.attributes
                0x0000078c       0x2c c:/program files (x86)/gnu tools arm embedded/4.8 2014q1/bin/../lib/gcc/arm-none-eabi/4.8.3/../../../../arm-none-eabi/lib/armv6-m\libg_s.a(lib_a-memmove.o)
 .ARM.attributes
                0x000007b8       0x2c c:/program files (x86)/gnu tools arm embedded/4.8 2014q1/bin/../lib/gcc/arm-none-eabi/4.8.3/../../../../arm-none-eabi/lib/armv6-m\libg_s.a(lib_a-nano-freer.o)
 .ARM.attributes
                0x000007e4       0x2c c:/program files (x86)/gnu tools arm embedded/4.8 2014q1/bin/../lib/gcc/arm-none-eabi/4.8.3/../../../../arm-none-eabi/lib/armv6-m\libg_s.a(lib_a-nano-mallocr.o)
 .ARM.attributes
                0x00000810       0x2c c:/program files (x86)/gnu tools arm embedded/4.8 2014q1/bin/../lib/gcc/arm-none-eabi/4.8.3/../../../../arm-none-eabi/lib/armv6-m\libg_s.a(lib_a-nano-reallocr.o)
 .ARM.attributes
                0x0000083c       0x2c c:/program files (x86)/gnu tools arm embedded/4.8 2014q1/bin/../lib/gcc/arm-none-eabi/4.8.3/../../../../arm-none-eabi/lib/armv6-m\libg_s.a(lib_a-sbrkr.o)
 .ARM.attributes
                0x00000868       0x2c c:/program files (x86)/gnu tools arm embedded/4.8 2014q1/bin/../lib/gcc/arm-none-eabi/4.8.3/../../../../arm-none-eabi/lib/armv6-m\libg_s.a(lib_a-strlen.o)
 .ARM.attributes
                0x00000894       0x2c c:/program files (x86)/gnu tools arm embedded/4.8 2014q1/bin/../lib/gcc/arm-none-eabi/4.8.3/../../../../arm-none-eabi/lib/armv6-m\libg_s.a(lib_a-nano-msizer.o)
 .ARM.attributes
                0x000008c0       0x2c c:/program files (x86)/gnu tools arm embedded/4.8 2014q1/bin/../lib/gcc/arm-none-eabi/4.8.3/../../../../arm-none-eabi/lib/armv6-m\libg_s.a(lib_a-reent.o)

.debug_frame    0x00000000     0x34e4
 .debug_frame   0x00000000      0x1d0 ..\obj\bluetooth.o
 .debug_frame   0x000001d0     0x1090 ..\obj\cmp.o
 .debug_frame   0x00001260       0x90 ..\obj\telem_parser.o
 .debug_frame   0x000012f0      0x4d8 ..\obj\main.o
 .debug_frame   0x000017c8      0x464 ..\obj\radio.o
 .debug_frame   0x00001c2c      0x1e4 ..\obj\screen.o
 .debug_frame   0x00001e10      0x12c ..\obj\syscalls.o
 .debug_frame   0x00001f3c       0x90 ..\..\..\libopencm3-usb\lib\libopencm3_stm32f0.a(flash.o)
 .debug_frame   0x00001fcc      0x2b0 ..\..\..\libopencm3-usb\lib\libopencm3_stm32f0.a(rcc.o)
 .debug_frame   0x0000227c      0x1cc ..\..\..\libopencm3-usb\lib\libopencm3_stm32f0.a(usart.o)
 .debug_frame   0x00002448      0x308 ..\..\..\libopencm3-usb\lib\libopencm3_stm32f0.a(adc.o)
 .debug_frame   0x00002750       0x80 ..\..\..\libopencm3-usb\lib\libopencm3_stm32f0.a(gpio_common_all.o)
 .debug_frame   0x000027d0       0x6c ..\..\..\libopencm3-usb\lib\libopencm3_stm32f0.a(gpio_common_f0234.o)
 .debug_frame   0x0000283c      0x100 ..\..\..\libopencm3-usb\lib\libopencm3_stm32f0.a(pwr_common_all.o)
 .debug_frame   0x0000293c       0x80 ..\..\..\libopencm3-usb\lib\libopencm3_stm32f0.a(exti_common_all.o)
 .debug_frame   0x000029bc      0x2d0 ..\..\..\libopencm3-usb\lib\libopencm3_stm32f0.a(spi_common_all.o)
 .debug_frame   0x00002c8c       0xac ..\..\..\libopencm3-usb\lib\libopencm3_stm32f0.a(spi_common_f03.o)
 .debug_frame   0x00002d38      0x120 ..\..\..\libopencm3-usb\lib\libopencm3_stm32f0.a(flash_common_f01.o)
 .debug_frame   0x00002e58       0x40 ..\..\..\libopencm3-usb\lib\libopencm3_stm32f0.a(vector.o)
 .debug_frame   0x00002e98       0xd8 ..\..\..\libopencm3-usb\lib\libopencm3_stm32f0.a(systick.o)
 .debug_frame   0x00002f70       0x80 ..\..\..\libopencm3-usb\lib\libopencm3_stm32f0.a(nvic.o)
 .debug_frame   0x00002ff0       0x38 ..\..\..\libopencm3-usb\lib\libopencm3_stm32f0.a(assert.o)
 .debug_frame   0x00003028       0x20 c:/program files (x86)/gnu tools arm embedded/4.8 2014q1/bin/../lib/gcc/arm-none-eabi/4.8.3/armv6-m\libgcc.a(_udivsi3.o)
 .debug_frame   0x00003048       0x20 c:/program files (x86)/gnu tools arm embedded/4.8 2014q1/bin/../lib/gcc/arm-none-eabi/4.8.3/armv6-m\libgcc.a(_divsi3.o)
 .debug_frame   0x00003068       0x30 c:/program files (x86)/gnu tools arm embedded/4.8 2014q1/bin/../lib/gcc/arm-none-eabi/4.8.3/armv6-m\libgcc.a(_muldi3.o)
 .debug_frame   0x00003098       0x50 c:/program files (x86)/gnu tools arm embedded/4.8 2014q1/bin/../lib/gcc/arm-none-eabi/4.8.3/armv6-m\libgcc.a(bpabi.o)
 .debug_frame   0x000030e8       0x3c c:/program files (x86)/gnu tools arm embedded/4.8 2014q1/bin/../lib/gcc/arm-none-eabi/4.8.3/armv6-m\libgcc.a(_divdi3.o)
 .debug_frame   0x00003124       0x3c c:/program files (x86)/gnu tools arm embedded/4.8 2014q1/bin/../lib/gcc/arm-none-eabi/4.8.3/armv6-m\libgcc.a(_udivdi3.o)
 .debug_frame   0x00003160       0x40 c:/program files (x86)/gnu tools arm embedded/4.8 2014q1/bin/../lib/gcc/arm-none-eabi/4.8.3/../../../../arm-none-eabi/lib/armv6-m\libg_s.a(lib_a-atoi.o)
 .debug_frame   0x000031a0       0x54 c:/program files (x86)/gnu tools arm embedded/4.8 2014q1/bin/../lib/gcc/arm-none-eabi/4.8.3/../../../../arm-none-eabi/lib/armv6-m\libg_s.a(lib_a-snprintf.o)
 .debug_frame   0x000031f4       0x2c c:/program files (x86)/gnu tools arm embedded/4.8 2014q1/bin/../lib/gcc/arm-none-eabi/4.8.3/../../../../arm-none-eabi/lib/armv6-m\libg_s.a(lib_a-strncpy.o)
 .debug_frame   0x00003220       0x4c c:/program files (x86)/gnu tools arm embedded/4.8 2014q1/bin/../lib/gcc/arm-none-eabi/4.8.3/../../../../arm-none-eabi/lib/armv6-m\libg_s.a(lib_a-strtol.o)
 .debug_frame   0x0000326c       0x74 c:/program files (x86)/gnu tools arm embedded/4.8 2014q1/bin/../lib/gcc/arm-none-eabi/4.8.3/../../../../arm-none-eabi/lib/armv6-m\libg_s.a(lib_a-svfprintf.o)
 .debug_frame   0x000032e0       0x54 c:/program files (x86)/gnu tools arm embedded/4.8 2014q1/bin/../lib/gcc/arm-none-eabi/4.8.3/../../../../arm-none-eabi/lib/armv6-m\libg_s.a(lib_a-vfprintf_i.o)
 .debug_frame   0x00003334       0x20 c:/program files (x86)/gnu tools arm embedded/4.8 2014q1/bin/../lib/gcc/arm-none-eabi/4.8.3/../../../../arm-none-eabi/lib/armv6-m\libg_s.a(lib_a-memchr-stub.o)
 .debug_frame   0x00003354       0x28 c:/program files (x86)/gnu tools arm embedded/4.8 2014q1/bin/../lib/gcc/arm-none-eabi/4.8.3/../../../../arm-none-eabi/lib/armv6-m\libg_s.a(lib_a-memcpy-stub.o)
 .debug_frame   0x0000337c       0x2c c:/program files (x86)/gnu tools arm embedded/4.8 2014q1/bin/../lib/gcc/arm-none-eabi/4.8.3/../../../../arm-none-eabi/lib/armv6-m\libg_s.a(lib_a-memmove.o)
 .debug_frame   0x000033a8       0x2c c:/program files (x86)/gnu tools arm embedded/4.8 2014q1/bin/../lib/gcc/arm-none-eabi/4.8.3/../../../../arm-none-eabi/lib/armv6-m\libg_s.a(lib_a-nano-freer.o)
 .debug_frame   0x000033d4       0x2c c:/program files (x86)/gnu tools arm embedded/4.8 2014q1/bin/../lib/gcc/arm-none-eabi/4.8.3/../../../../arm-none-eabi/lib/armv6-m\libg_s.a(lib_a-nano-mallocr.o)
 .debug_frame   0x00003400       0x30 c:/program files (x86)/gnu tools arm embedded/4.8 2014q1/bin/../lib/gcc/arm-none-eabi/4.8.3/../../../../arm-none-eabi/lib/armv6-m\libg_s.a(lib_a-nano-reallocr.o)
 .debug_frame   0x00003430       0x2c c:/program files (x86)/gnu tools arm embedded/4.8 2014q1/bin/../lib/gcc/arm-none-eabi/4.8.3/../../../../arm-none-eabi/lib/armv6-m\libg_s.a(lib_a-sbrkr.o)
 .debug_frame   0x0000345c       0x20 c:/program files (x86)/gnu tools arm embedded/4.8 2014q1/bin/../lib/gcc/arm-none-eabi/4.8.3/../../../../arm-none-eabi/lib/armv6-m\libg_s.a(lib_a-strlen.o)
 .debug_frame   0x0000347c       0x20 c:/program files (x86)/gnu tools arm embedded/4.8 2014q1/bin/../lib/gcc/arm-none-eabi/4.8.3/../../../../arm-none-eabi/lib/armv6-m\libg_s.a(lib_a-nano-msizer.o)
 .debug_frame   0x0000349c       0x48 c:/program files (x86)/gnu tools arm embedded/4.8 2014q1/bin/../lib/gcc/arm-none-eabi/4.8.3/../../../../arm-none-eabi/lib/armv6-m\libg_s.a(lib_a-reent.o)

.debug_loc      0x00000000     0x11e2
 .debug_loc     0x00000000       0x79 ..\..\..\libopencm3-usb\lib\libopencm3_stm32f0.a(flash.o)
 .debug_loc     0x00000079      0x1cd ..\..\..\libopencm3-usb\lib\libopencm3_stm32f0.a(rcc.o)
 .debug_loc     0x00000246      0x220 ..\..\..\libopencm3-usb\lib\libopencm3_stm32f0.a(usart.o)
 .debug_loc     0x00000466      0x346 ..\..\..\libopencm3-usb\lib\libopencm3_stm32f0.a(adc.o)
 .debug_loc     0x000007ac       0x76 ..\..\..\libopencm3-usb\lib\libopencm3_stm32f0.a(gpio_common_all.o)
 .debug_loc     0x00000822      0x213 ..\..\..\libopencm3-usb\lib\libopencm3_stm32f0.a(gpio_common_f0234.o)
 .debug_loc     0x00000a35       0x21 ..\..\..\libopencm3-usb\lib\libopencm3_stm32f0.a(pwr_common_all.o)
 .debug_loc     0x00000a56      0x19b ..\..\..\libopencm3-usb\lib\libopencm3_stm32f0.a(exti_common_all.o)
 .debug_loc     0x00000bf1       0xd9 ..\..\..\libopencm3-usb\lib\libopencm3_stm32f0.a(spi_common_all.o)
 .debug_loc     0x00000cca      0x15a ..\..\..\libopencm3-usb\lib\libopencm3_stm32f0.a(spi_common_f03.o)
 .debug_loc     0x00000e24       0xc6 ..\..\..\libopencm3-usb\lib\libopencm3_stm32f0.a(flash_common_f01.o)
 .debug_loc     0x00000eea       0xba ..\..\..\libopencm3-usb\lib\libopencm3_stm32f0.a(vector.o)
 .debug_loc     0x00000fa4       0xba ..\..\..\libopencm3-usb\lib\libopencm3_stm32f0.a(systick.o)
 .debug_loc     0x0000105e      0x100 ..\..\..\libopencm3-usb\lib\libopencm3_stm32f0.a(nvic.o)
 .debug_loc     0x0000115e       0x84 ..\..\..\libopencm3-usb\lib\libopencm3_stm32f0.a(assert.o)
